// Jest Snapshot v1, https://goo.gl/fbAQLP

exports[`Form Should match the snapshot 1`] = `
<div>
  <div
    class="container mt-4"
  >
    <div
      class="card w-50 mx-auto"
    >
      <div
        class="card-body"
      >
        <form
          class="form-group"
        >
          <div>
            <input
              class="form-control mb-3"
              name="name"
              placeholder="Name"
              title="name"
              value="test"
            />
            <div
              class="mb-3"
            >
              <input
                class="form-control"
                name="lastName"
                placeholder="Last Name"
                title="lastName"
              />
            </div>
            <select
              class="form-control mb-3"
              data-testid="select-category"
              name="category"
            >
              <option
                value=""
              >
                Select...
              </option>
              <option
                value="A"
              >
                Category A
              </option>
              <option
                value="B"
              >
                Category B
              </option>
            </select>
            <button
              class="btn btn-primary btn-block mb-3 btn btn-primary"
              data-testid="submit-btn"
              disabled=""
              title="submitButton"
              type="submit"
            >
              Submit
            </button>
          </div>
        </form>
      </div>
    </div>
  </div>
</div>
`;
